Copyright 1986-2022 Xilinx, Inc. All Rights Reserved. Copyright 2022-2023 Advanced Micro Devices, Inc. All Rights Reserved.
--------------------------------------------------------------------------------------------------------------------------------------------------------------
| Tool Version : Vivado v.2023.1 (win64) Build 3865809 Sun May  7 15:05:29 MDT 2023
| Date         : Thu May 30 02:13:28 2024
| Host         : Sobremesa running 64-bit major release  (build 9200)
| Command      : report_methodology -file proyecto_methodology_drc_routed.rpt -pb proyecto_methodology_drc_routed.pb -rpx proyecto_methodology_drc_routed.rpx
| Design       : proyecto
| Device       : xc7a35tcpg236-1
| Speed File   : -1
| Design State : Fully Routed
--------------------------------------------------------------------------------------------------------------------------------------------------------------

Report Methodology

Table of Contents
-----------------
1. REPORT SUMMARY
2. REPORT DETAILS

1. REPORT SUMMARY
-----------------
            Netlist: netlist
          Floorplan: design_1
      Design limits: <entire design considered>
             Max violations: <unlimited>
             Violations found: 41
+-----------+----------+-------------------------------+------------+
| Rule      | Severity | Description                   | Violations |
+-----------+----------+-------------------------------+------------+
| TIMING-16 | Warning  | Large setup violation         | 24         |
| TIMING-18 | Warning  | Missing input or output delay | 17         |
+-----------+----------+-------------------------------+------------+

2. REPORT DETAILS
-----------------
TIMING-16#1 Warning
Large setup violation  
There is a large setup violation of -2.811 ns between fsm.j_reg[0]_replica/C (clocked by sysClk) and fsm.j_reg[0]_replica_1/D (clocked by sysClk). Large setup violations at the end of those stages might be difficult to fix during the post-placement implementation flow and could be the result of non-optimal XDC constraints or non-optimal design architecture
Related violations: <none>

TIMING-16#2 Warning
Large setup violation  
There is a large setup violation of -3.208 ns between fsm.j_reg[0]_replica/C (clocked by sysClk) and fsm.bordeYCnt_reg[2]/D (clocked by sysClk). Large setup violations at the end of those stages might be difficult to fix during the post-placement implementation flow and could be the result of non-optimal XDC constraints or non-optimal design architecture
Related violations: <none>

TIMING-16#3 Warning
Large setup violation  
There is a large setup violation of -3.344 ns between fsm.j_reg[0]_replica/C (clocked by sysClk) and fsm.j_reg[2]/D (clocked by sysClk). Large setup violations at the end of those stages might be difficult to fix during the post-placement implementation flow and could be the result of non-optimal XDC constraints or non-optimal design architecture
Related violations: <none>

TIMING-16#4 Warning
Large setup violation  
There is a large setup violation of -3.416 ns between fsm.j_reg[0]_replica/C (clocked by sysClk) and fsm.j_reg[3]/D (clocked by sysClk). Large setup violations at the end of those stages might be difficult to fix during the post-placement implementation flow and could be the result of non-optimal XDC constraints or non-optimal design architecture
Related violations: <none>

TIMING-16#5 Warning
Large setup violation  
There is a large setup violation of -3.421 ns between fsm.j_reg[0]_replica/C (clocked by sysClk) and fsm.j_reg[0]_replica/D (clocked by sysClk). Large setup violations at the end of those stages might be difficult to fix during the post-placement implementation flow and could be the result of non-optimal XDC constraints or non-optimal design architecture
Related violations: <none>

TIMING-16#6 Warning
Large setup violation  
There is a large setup violation of -3.449 ns between fsm.j_reg[0]_replica/C (clocked by sysClk) and fsm.j_reg[0]/D (clocked by sysClk). Large setup violations at the end of those stages might be difficult to fix during the post-placement implementation flow and could be the result of non-optimal XDC constraints or non-optimal design architecture
Related violations: <none>

TIMING-16#7 Warning
Large setup violation  
There is a large setup violation of -3.508 ns between fsm.bordeYCnt_reg[0]/C (clocked by sysClk) and colorTablero_reg[0]/D (clocked by sysClk). Large setup violations at the end of those stages might be difficult to fix during the post-placement implementation flow and could be the result of non-optimal XDC constraints or non-optimal design architecture
Related violations: <none>

TIMING-16#8 Warning
Large setup violation  
There is a large setup violation of -3.518 ns between fsm.bordeYCnt_reg[0]/C (clocked by sysClk) and colorTablero_reg[1]/D (clocked by sysClk). Large setup violations at the end of those stages might be difficult to fix during the post-placement implementation flow and could be the result of non-optimal XDC constraints or non-optimal design architecture
Related violations: <none>

TIMING-16#9 Warning
Large setup violation  
There is a large setup violation of -3.524 ns between fsm.bordeYCnt_reg[0]/C (clocked by sysClk) and fsm.i_reg[0]/D (clocked by sysClk). Large setup violations at the end of those stages might be difficult to fix during the post-placement implementation flow and could be the result of non-optimal XDC constraints or non-optimal design architecture
Related violations: <none>

TIMING-16#10 Warning
Large setup violation  
There is a large setup violation of -3.535 ns between fsm.bordeYCnt_reg[0]/C (clocked by sysClk) and fsm.i_reg[2]/D (clocked by sysClk). Large setup violations at the end of those stages might be difficult to fix during the post-placement implementation flow and could be the result of non-optimal XDC constraints or non-optimal design architecture
Related violations: <none>

TIMING-16#11 Warning
Large setup violation  
There is a large setup violation of -3.545 ns between fsm.bordeYCnt_reg[0]/C (clocked by sysClk) and fsm.i_reg[0]_replica/D (clocked by sysClk). Large setup violations at the end of those stages might be difficult to fix during the post-placement implementation flow and could be the result of non-optimal XDC constraints or non-optimal design architecture
Related violations: <none>

TIMING-16#12 Warning
Large setup violation  
There is a large setup violation of -3.546 ns between fsm.j_reg[0]_replica/C (clocked by sysClk) and fsm.j_reg[1]_replica/D (clocked by sysClk). Large setup violations at the end of those stages might be difficult to fix during the post-placement implementation flow and could be the result of non-optimal XDC constraints or non-optimal design architecture
Related violations: <none>

TIMING-16#13 Warning
Large setup violation  
There is a large setup violation of -3.547 ns between fsm.bordeYCnt_reg[0]/C (clocked by sysClk) and fsm.bordeYCnt_reg[1]/D (clocked by sysClk). Large setup violations at the end of those stages might be difficult to fix during the post-placement implementation flow and could be the result of non-optimal XDC constraints or non-optimal design architecture
Related violations: <none>

TIMING-16#14 Warning
Large setup violation  
There is a large setup violation of -3.650 ns between fsm.j_reg[0]_replica/C (clocked by sysClk) and fsm.j_reg[1]/D (clocked by sysClk). Large setup violations at the end of those stages might be difficult to fix during the post-placement implementation flow and could be the result of non-optimal XDC constraints or non-optimal design architecture
Related violations: <none>

TIMING-16#15 Warning
Large setup violation  
There is a large setup violation of -3.660 ns between fsm.bordeYCnt_reg[0]/C (clocked by sysClk) and fsm.bordeYCnt_reg[0]/D (clocked by sysClk). Large setup violations at the end of those stages might be difficult to fix during the post-placement implementation flow and could be the result of non-optimal XDC constraints or non-optimal design architecture
Related violations: <none>

TIMING-16#16 Warning
Large setup violation  
There is a large setup violation of -3.668 ns between fsm.bordeYCnt_reg[0]/C (clocked by sysClk) and colorTablero_reg[9]/D (clocked by sysClk). Large setup violations at the end of those stages might be difficult to fix during the post-placement implementation flow and could be the result of non-optimal XDC constraints or non-optimal design architecture
Related violations: <none>

TIMING-16#17 Warning
Large setup violation  
There is a large setup violation of -3.684 ns between fsm.bordeYCnt_reg[0]/C (clocked by sysClk) and colorTablero_reg[5]/D (clocked by sysClk). Large setup violations at the end of those stages might be difficult to fix during the post-placement implementation flow and could be the result of non-optimal XDC constraints or non-optimal design architecture
Related violations: <none>

TIMING-16#18 Warning
Large setup violation  
There is a large setup violation of -3.686 ns between fsm.bordeYCnt_reg[0]/C (clocked by sysClk) and colorTablero_reg[6]/D (clocked by sysClk). Large setup violations at the end of those stages might be difficult to fix during the post-placement implementation flow and could be the result of non-optimal XDC constraints or non-optimal design architecture
Related violations: <none>

TIMING-16#19 Warning
Large setup violation  
There is a large setup violation of -3.704 ns between fsm.bordeYCnt_reg[0]/C (clocked by sysClk) and fsm.i_reg[1]/D (clocked by sysClk). Large setup violations at the end of those stages might be difficult to fix during the post-placement implementation flow and could be the result of non-optimal XDC constraints or non-optimal design architecture
Related violations: <none>

TIMING-16#20 Warning
Large setup violation  
There is a large setup violation of -3.705 ns between fsm.bordeYCnt_reg[0]/C (clocked by sysClk) and colorTablero_reg[2]/D (clocked by sysClk). Large setup violations at the end of those stages might be difficult to fix during the post-placement implementation flow and could be the result of non-optimal XDC constraints or non-optimal design architecture
Related violations: <none>

TIMING-16#21 Warning
Large setup violation  
There is a large setup violation of -3.709 ns between fsm.bordeYCnt_reg[0]/C (clocked by sysClk) and colorTablero_reg[4]/D (clocked by sysClk). Large setup violations at the end of those stages might be difficult to fix during the post-placement implementation flow and could be the result of non-optimal XDC constraints or non-optimal design architecture
Related violations: <none>

TIMING-16#22 Warning
Large setup violation  
There is a large setup violation of -3.819 ns between fsm.bordeYCnt_reg[0]/C (clocked by sysClk) and fsm.i_reg[4]/D (clocked by sysClk). Large setup violations at the end of those stages might be difficult to fix during the post-placement implementation flow and could be the result of non-optimal XDC constraints or non-optimal design architecture
Related violations: <none>

TIMING-16#23 Warning
Large setup violation  
There is a large setup violation of -3.904 ns between fsm.bordeYCnt_reg[0]/C (clocked by sysClk) and fsm.i_reg[3]/D (clocked by sysClk). Large setup violations at the end of those stages might be difficult to fix during the post-placement implementation flow and could be the result of non-optimal XDC constraints or non-optimal design architecture
Related violations: <none>

TIMING-16#24 Warning
Large setup violation  
There is a large setup violation of -4.132 ns between fsm.bordeYCnt_reg[0]/C (clocked by sysClk) and fsm.state_reg[0]/D (clocked by sysClk). Large setup violations at the end of those stages might be difficult to fix during the post-placement implementation flow and could be the result of non-optimal XDC constraints or non-optimal design architecture
Related violations: <none>

TIMING-18#1 Warning
Missing input or output delay  
An input delay is missing on ps2Clk relative to the rising and/or falling clock edge(s) of sysClk.
Related violations: <none>

TIMING-18#2 Warning
Missing input or output delay  
An input delay is missing on ps2Data relative to the rising and/or falling clock edge(s) of sysClk.
Related violations: <none>

TIMING-18#3 Warning
Missing input or output delay  
An input delay is missing on rst relative to the rising and/or falling clock edge(s) of sysClk.
Related violations: <none>

TIMING-18#4 Warning
Missing input or output delay  
An output delay is missing on RGB[0] relative to the rising and/or falling clock edge(s) of sysClk.
Related violations: <none>

TIMING-18#5 Warning
Missing input or output delay  
An output delay is missing on RGB[10] relative to the rising and/or falling clock edge(s) of sysClk.
Related violations: <none>

TIMING-18#6 Warning
Missing input or output delay  
An output delay is missing on RGB[11] relative to the rising and/or falling clock edge(s) of sysClk.
Related violations: <none>

TIMING-18#7 Warning
Missing input or output delay  
An output delay is missing on RGB[1] relative to the rising and/or falling clock edge(s) of sysClk.
Related violations: <none>

TIMING-18#8 Warning
Missing input or output delay  
An output delay is missing on RGB[2] relative to the rising and/or falling clock edge(s) of sysClk.
Related violations: <none>

TIMING-18#9 Warning
Missing input or output delay  
An output delay is missing on RGB[3] relative to the rising and/or falling clock edge(s) of sysClk.
Related violations: <none>

TIMING-18#10 Warning
Missing input or output delay  
An output delay is missing on RGB[4] relative to the rising and/or falling clock edge(s) of sysClk.
Related violations: <none>

TIMING-18#11 Warning
Missing input or output delay  
An output delay is missing on RGB[5] relative to the rising and/or falling clock edge(s) of sysClk.
Related violations: <none>

TIMING-18#12 Warning
Missing input or output delay  
An output delay is missing on RGB[6] relative to the rising and/or falling clock edge(s) of sysClk.
Related violations: <none>

TIMING-18#13 Warning
Missing input or output delay  
An output delay is missing on RGB[7] relative to the rising and/or falling clock edge(s) of sysClk.
Related violations: <none>

TIMING-18#14 Warning
Missing input or output delay  
An output delay is missing on RGB[8] relative to the rising and/or falling clock edge(s) of sysClk.
Related violations: <none>

TIMING-18#15 Warning
Missing input or output delay  
An output delay is missing on RGB[9] relative to the rising and/or falling clock edge(s) of sysClk.
Related violations: <none>

TIMING-18#16 Warning
Missing input or output delay  
An output delay is missing on hSync relative to the rising and/or falling clock edge(s) of sysClk.
Related violations: <none>

TIMING-18#17 Warning
Missing input or output delay  
An output delay is missing on vSync relative to the rising and/or falling clock edge(s) of sysClk.
Related violations: <none>


