Copyright 1986-2022 Xilinx, Inc. All Rights Reserved. Copyright 2022-2023 Advanced Micro Devices, Inc. All Rights Reserved.
---------------------------------------------------------------------------------------------------------------------------------------------
| Tool Version : Vivado v.2023.1 (win64) Build 3865809 Sun May  7 15:05:29 MDT 2023
| Date         : Sat May  4 12:07:45 2024
| Host         : alv-desktop running 64-bit major release  (build 9200)
| Command      : report_control_sets -verbose -file lab9_control_sets_placed.rpt
| Design       : lab9
| Device       : xc7a35t
---------------------------------------------------------------------------------------------------------------------------------------------

Control Set Information

Table of Contents
-----------------
1. Summary
2. Histogram
3. Flip-Flop Distribution
4. Detailed Control Set Information

1. Summary
----------

+----------------------------------------------------------+-------+
|                          Status                          | Count |
+----------------------------------------------------------+-------+
| Total control sets                                       |    11 |
|    Minimum number of control sets                        |    11 |
|    Addition due to synthesis replication                 |     0 |
|    Addition due to physical synthesis replication        |     0 |
| Unused register locations in slices containing registers |    51 |
+----------------------------------------------------------+-------+
* Control sets can be merged at opt_design using control_set_merge or merge_equivalent_drivers
** Run report_qor_suggestions for automated merging and remapping suggestions


2. Histogram
------------

+--------------------+-------+
|       Fanout       | Count |
+--------------------+-------+
| Total control sets |    11 |
| >= 0 to < 4        |     2 |
| >= 4 to < 6        |     2 |
| >= 6 to < 8        |     0 |
| >= 8 to < 10       |     1 |
| >= 10 to < 12      |     2 |
| >= 12 to < 14      |     0 |
| >= 14 to < 16      |     0 |
| >= 16              |     4 |
+--------------------+-------+
* Control sets can be remapped at either synth_design or opt_design


3. Flip-Flop Distribution
-------------------------

+--------------+-----------------------+------------------------+-----------------+--------------+
| Clock Enable | Synchronous Set/Reset | Asynchronous Set/Reset | Total Registers | Total Slices |
+--------------+-----------------------+------------------------+-----------------+--------------+
| No           | No                    | No                     |              21 |           18 |
| No           | No                    | Yes                    |               0 |            0 |
| No           | Yes                   | No                     |              39 |           11 |
| Yes          | No                    | No                     |              53 |           19 |
| Yes          | No                    | Yes                    |               0 |            0 |
| Yes          | Yes                   | No                     |              36 |           12 |
+--------------+-----------------------+------------------------+-----------------+--------------+


4. Detailed Control Set Information
-----------------------------------

+----------------+---------------------------------------------------------+----------------------------------------------+------------------+----------------+--------------+
|  Clock Signal  |                      Enable Signal                      |               Set/Reset Signal               | Slice Load Count | Bel Load Count | Bels / Slice |
+----------------+---------------------------------------------------------+----------------------------------------------+------------------+----------------+--------------+
|  clk_IBUF_BUFG | screenInterface/screenInteface/pixelCnt[9]_i_1_n_0      | screenInterface/screenInteface/hSync_i_1_n_0 |                1 |              1 |         1.00 |
|  clk_IBUF_BUFG | screenInterface/screenInteface/pixelCnt[9]_i_1_n_0      | screenInterface/screenInteface/vSync_i_1_n_0 |                1 |              1 |         1.00 |
|  clk_IBUF_BUFG | mouseInterface/ps2ClkEdgeDetector/E[0]                  |                                              |                2 |              4 |         2.00 |
|  clk_IBUF_BUFG | status[5]_i_1_n_0                                       | rstSynchronizer/aux_reg[1]_0[0]              |                2 |              4 |         2.00 |
|  clk_IBUF_BUFG | colorRdy                                                | rstSynchronizer/aux_reg[1]_0[0]              |                3 |              9 |         3.00 |
|  clk_IBUF_BUFG | x[9]_i_1_n_0                                            | rstSynchronizer/aux_reg[1]_0[0]              |                2 |             10 |         5.00 |
|  clk_IBUF_BUFG | mouseInterface/ps2ClkEdgeDetector/fsmdt.state_reg[0][0] | rstSynchronizer/aux_reg[1]_0[0]              |                3 |             11 |         3.67 |
|  clk_IBUF_BUFG | screenInterface/screenInteface/lineCnt0                 |                                              |                7 |             20 |         2.86 |
|  clk_IBUF_BUFG |                                                         |                                              |               18 |             22 |         1.22 |
|  clk_IBUF_BUFG | screenInterface/screenInteface/pixelCnt[9]_i_1_n_0      |                                              |               10 |             29 |         2.90 |
|  clk_IBUF_BUFG |                                                         | rstSynchronizer/aux_reg[1]_0[0]              |               11 |             39 |         3.55 |
+----------------+---------------------------------------------------------+----------------------------------------------+------------------+----------------+--------------+


