Copyright 1986-2022 Xilinx, Inc. All Rights Reserved. Copyright 2022-2023 Advanced Micro Devices, Inc. All Rights Reserved.
--------------------------------------------------------------------------------------------------------------------------------------------------------------------------------
| Tool Version : Vivado v.2023.1 (lin64) Build 3865809 Sun May  7 15:04:56 MDT 2023
| Date         : Fri May 10 13:35:06 2024
| Host         : Jorbis-Zenbook running 64-bit unknown
| Command      : report_methodology -file lab10monocycle_methodology_drc_routed.rpt -pb lab10monocycle_methodology_drc_routed.pb -rpx lab10monocycle_methodology_drc_routed.rpx
| Design       : lab10monocycle
| Device       : xc7a35tcpg236-1
| Speed File   : -1
| Design State : Fully Routed
--------------------------------------------------------------------------------------------------------------------------------------------------------------------------------

Report Methodology

Table of Contents
-----------------
1. REPORT SUMMARY
2. REPORT DETAILS

1. REPORT SUMMARY
-----------------
            Netlist: netlist
          Floorplan: design_1
      Design limits: <entire design considered>
             Max violations: <unlimited>
             Violations found: 89
+-----------+----------+-------------------------------+------------+
| Rule      | Severity | Description                   | Violations |
+-----------+----------+-------------------------------+------------+
| TIMING-16 | Warning  | Large setup violation         | 80         |
| TIMING-18 | Warning  | Missing input or output delay | 9          |
+-----------+----------+-------------------------------+------------+

2. REPORT DETAILS
-----------------
TIMING-16#1 Warning
Large setup violation  
There is a large setup violation of -2.402 ns between leftFilter/acc0/CLK (clocked by sysClk) and codecInterface/acc0_i_1__0_psdsp_7/D (clocked by sysClk). Large setup violations at the end of those stages might be difficult to fix during the post-placement implementation flow and could be the result of non-optimal XDC constraints or non-optimal design architecture
Related violations: <none>

TIMING-16#2 Warning
Large setup violation  
There is a large setup violation of -2.414 ns between leftFilter/acc0/CLK (clocked by sysClk) and codecInterface/acc0_i_1__0_psdsp_5/D (clocked by sysClk). Large setup violations at the end of those stages might be difficult to fix during the post-placement implementation flow and could be the result of non-optimal XDC constraints or non-optimal design architecture
Related violations: <none>

TIMING-16#3 Warning
Large setup violation  
There is a large setup violation of -2.420 ns between leftFilter/acc0/CLK (clocked by sysClk) and codecInterface/acc0_i_1__0_psdsp_28/D (clocked by sysClk). Large setup violations at the end of those stages might be difficult to fix during the post-placement implementation flow and could be the result of non-optimal XDC constraints or non-optimal design architecture
Related violations: <none>

TIMING-16#4 Warning
Large setup violation  
There is a large setup violation of -2.429 ns between leftFilter/acc0/CLK (clocked by sysClk) and codecInterface/acc0_i_1__0_psdsp_3/D (clocked by sysClk). Large setup violations at the end of those stages might be difficult to fix during the post-placement implementation flow and could be the result of non-optimal XDC constraints or non-optimal design architecture
Related violations: <none>

TIMING-16#5 Warning
Large setup violation  
There is a large setup violation of -2.433 ns between leftFilter/acc0/CLK (clocked by sysClk) and codecInterface/acc0_i_1__0_psdsp_14/D (clocked by sysClk). Large setup violations at the end of those stages might be difficult to fix during the post-placement implementation flow and could be the result of non-optimal XDC constraints or non-optimal design architecture
Related violations: <none>

TIMING-16#6 Warning
Large setup violation  
There is a large setup violation of -2.433 ns between leftFilter/acc0/CLK (clocked by sysClk) and codecInterface/acc0_i_1__0_psdsp_2/D (clocked by sysClk). Large setup violations at the end of those stages might be difficult to fix during the post-placement implementation flow and could be the result of non-optimal XDC constraints or non-optimal design architecture
Related violations: <none>

TIMING-16#7 Warning
Large setup violation  
There is a large setup violation of -2.440 ns between leftFilter/acc0/CLK (clocked by sysClk) and codecInterface/acc0_i_1__0_psdsp_10/D (clocked by sysClk). Large setup violations at the end of those stages might be difficult to fix during the post-placement implementation flow and could be the result of non-optimal XDC constraints or non-optimal design architecture
Related violations: <none>

TIMING-16#8 Warning
Large setup violation  
There is a large setup violation of -2.442 ns between leftFilter/acc0/CLK (clocked by sysClk) and codecInterface/acc0_i_1__0_psdsp_4/D (clocked by sysClk). Large setup violations at the end of those stages might be difficult to fix during the post-placement implementation flow and could be the result of non-optimal XDC constraints or non-optimal design architecture
Related violations: <none>

TIMING-16#9 Warning
Large setup violation  
There is a large setup violation of -2.444 ns between leftFilter/acc0/CLK (clocked by sysClk) and codecInterface/acc0_i_1__0_psdsp_21/D (clocked by sysClk). Large setup violations at the end of those stages might be difficult to fix during the post-placement implementation flow and could be the result of non-optimal XDC constraints or non-optimal design architecture
Related violations: <none>

TIMING-16#10 Warning
Large setup violation  
There is a large setup violation of -2.445 ns between leftFilter/acc0/CLK (clocked by sysClk) and codecInterface/acc0_i_1__0_psdsp_17/D (clocked by sysClk). Large setup violations at the end of those stages might be difficult to fix during the post-placement implementation flow and could be the result of non-optimal XDC constraints or non-optimal design architecture
Related violations: <none>

TIMING-16#11 Warning
Large setup violation  
There is a large setup violation of -2.454 ns between leftFilter/acc0/CLK (clocked by sysClk) and codecInterface/acc0_i_1__0_psdsp_16/D (clocked by sysClk). Large setup violations at the end of those stages might be difficult to fix during the post-placement implementation flow and could be the result of non-optimal XDC constraints or non-optimal design architecture
Related violations: <none>

TIMING-16#12 Warning
Large setup violation  
There is a large setup violation of -2.465 ns between leftFilter/acc0/CLK (clocked by sysClk) and codecInterface/acc0_i_1__0_psdsp_19/D (clocked by sysClk). Large setup violations at the end of those stages might be difficult to fix during the post-placement implementation flow and could be the result of non-optimal XDC constraints or non-optimal design architecture
Related violations: <none>

TIMING-16#13 Warning
Large setup violation  
There is a large setup violation of -2.465 ns between leftFilter/acc0/CLK (clocked by sysClk) and codecInterface/acc0_i_1__0_psdsp_6/D (clocked by sysClk). Large setup violations at the end of those stages might be difficult to fix during the post-placement implementation flow and could be the result of non-optimal XDC constraints or non-optimal design architecture
Related violations: <none>

TIMING-16#14 Warning
Large setup violation  
There is a large setup violation of -2.467 ns between leftFilter/acc0/CLK (clocked by sysClk) and codecInterface/acc0_i_1__0_psdsp_27/D (clocked by sysClk). Large setup violations at the end of those stages might be difficult to fix during the post-placement implementation flow and could be the result of non-optimal XDC constraints or non-optimal design architecture
Related violations: <none>

TIMING-16#15 Warning
Large setup violation  
There is a large setup violation of -2.545 ns between leftFilter/acc0/CLK (clocked by sysClk) and codecInterface/acc0_i_1__0_psdsp/D (clocked by sysClk). Large setup violations at the end of those stages might be difficult to fix during the post-placement implementation flow and could be the result of non-optimal XDC constraints or non-optimal design architecture
Related violations: <none>

TIMING-16#16 Warning
Large setup violation  
There is a large setup violation of -2.558 ns between leftFilter/acc0/CLK (clocked by sysClk) and codecInterface/acc0_i_1__0_psdsp_29/D (clocked by sysClk). Large setup violations at the end of those stages might be difficult to fix during the post-placement implementation flow and could be the result of non-optimal XDC constraints or non-optimal design architecture
Related violations: <none>

TIMING-16#17 Warning
Large setup violation  
There is a large setup violation of -2.565 ns between leftFilter/acc0/CLK (clocked by sysClk) and codecInterface/acc0_i_1__0_psdsp_12/D (clocked by sysClk). Large setup violations at the end of those stages might be difficult to fix during the post-placement implementation flow and could be the result of non-optimal XDC constraints or non-optimal design architecture
Related violations: <none>

TIMING-16#18 Warning
Large setup violation  
There is a large setup violation of -2.565 ns between leftFilter/acc0/CLK (clocked by sysClk) and codecInterface/acc0_i_1__0_psdsp_13/D (clocked by sysClk). Large setup violations at the end of those stages might be difficult to fix during the post-placement implementation flow and could be the result of non-optimal XDC constraints or non-optimal design architecture
Related violations: <none>

TIMING-16#19 Warning
Large setup violation  
There is a large setup violation of -2.572 ns between leftFilter/acc0/CLK (clocked by sysClk) and codecInterface/acc0_i_1__0_psdsp_24/D (clocked by sysClk). Large setup violations at the end of those stages might be difficult to fix during the post-placement implementation flow and could be the result of non-optimal XDC constraints or non-optimal design architecture
Related violations: <none>

TIMING-16#20 Warning
Large setup violation  
There is a large setup violation of -2.577 ns between leftFilter/acc0/CLK (clocked by sysClk) and codecInterface/acc0_i_1__0_psdsp_25/D (clocked by sysClk). Large setup violations at the end of those stages might be difficult to fix during the post-placement implementation flow and could be the result of non-optimal XDC constraints or non-optimal design architecture
Related violations: <none>

TIMING-16#21 Warning
Large setup violation  
There is a large setup violation of -2.590 ns between leftFilter/acc0/CLK (clocked by sysClk) and codecInterface/acc0_i_1__0_psdsp_23/D (clocked by sysClk). Large setup violations at the end of those stages might be difficult to fix during the post-placement implementation flow and could be the result of non-optimal XDC constraints or non-optimal design architecture
Related violations: <none>

TIMING-16#22 Warning
Large setup violation  
There is a large setup violation of -2.591 ns between rightFilter/acc0/CLK (clocked by sysClk) and codecInterface/acc0_i_1_psdsp_19/D (clocked by sysClk). Large setup violations at the end of those stages might be difficult to fix during the post-placement implementation flow and could be the result of non-optimal XDC constraints or non-optimal design architecture
Related violations: <none>

TIMING-16#23 Warning
Large setup violation  
There is a large setup violation of -2.592 ns between leftFilter/acc0/CLK (clocked by sysClk) and codecInterface/acc0_i_1__0_psdsp_9/D (clocked by sysClk). Large setup violations at the end of those stages might be difficult to fix during the post-placement implementation flow and could be the result of non-optimal XDC constraints or non-optimal design architecture
Related violations: <none>

TIMING-16#24 Warning
Large setup violation  
There is a large setup violation of -2.600 ns between leftFilter/acc0/CLK (clocked by sysClk) and codecInterface/acc0_i_1__0_psdsp_1/D (clocked by sysClk). Large setup violations at the end of those stages might be difficult to fix during the post-placement implementation flow and could be the result of non-optimal XDC constraints or non-optimal design architecture
Related violations: <none>

TIMING-16#25 Warning
Large setup violation  
There is a large setup violation of -2.600 ns between leftFilter/acc0/CLK (clocked by sysClk) and codecInterface/acc0_i_1__0_psdsp_31/D (clocked by sysClk). Large setup violations at the end of those stages might be difficult to fix during the post-placement implementation flow and could be the result of non-optimal XDC constraints or non-optimal design architecture
Related violations: <none>

TIMING-16#26 Warning
Large setup violation  
There is a large setup violation of -2.604 ns between leftFilter/acc0/CLK (clocked by sysClk) and codecInterface/acc0_i_1__0_psdsp_20/D (clocked by sysClk). Large setup violations at the end of those stages might be difficult to fix during the post-placement implementation flow and could be the result of non-optimal XDC constraints or non-optimal design architecture
Related violations: <none>

TIMING-16#27 Warning
Large setup violation  
There is a large setup violation of -2.605 ns between rightFilter/acc0/CLK (clocked by sysClk) and codecInterface/acc0_i_1_psdsp_2/D (clocked by sysClk). Large setup violations at the end of those stages might be difficult to fix during the post-placement implementation flow and could be the result of non-optimal XDC constraints or non-optimal design architecture
Related violations: <none>

TIMING-16#28 Warning
Large setup violation  
There is a large setup violation of -2.607 ns between leftFilter/acc0/CLK (clocked by sysClk) and codecInterface/acc0_i_1__0_psdsp_26/D (clocked by sysClk). Large setup violations at the end of those stages might be difficult to fix during the post-placement implementation flow and could be the result of non-optimal XDC constraints or non-optimal design architecture
Related violations: <none>

TIMING-16#29 Warning
Large setup violation  
There is a large setup violation of -2.610 ns between rightFilter/acc0/CLK (clocked by sysClk) and codecInterface/acc0_i_1_psdsp_13/D (clocked by sysClk). Large setup violations at the end of those stages might be difficult to fix during the post-placement implementation flow and could be the result of non-optimal XDC constraints or non-optimal design architecture
Related violations: <none>

TIMING-16#30 Warning
Large setup violation  
There is a large setup violation of -2.614 ns between rightFilter/acc0/CLK (clocked by sysClk) and codecInterface/acc0_i_1_psdsp_3/D (clocked by sysClk). Large setup violations at the end of those stages might be difficult to fix during the post-placement implementation flow and could be the result of non-optimal XDC constraints or non-optimal design architecture
Related violations: <none>

TIMING-16#31 Warning
Large setup violation  
There is a large setup violation of -2.614 ns between rightFilter/acc0/CLK (clocked by sysClk) and codecInterface/acc0_i_1_psdsp_9/D (clocked by sysClk). Large setup violations at the end of those stages might be difficult to fix during the post-placement implementation flow and could be the result of non-optimal XDC constraints or non-optimal design architecture
Related violations: <none>

TIMING-16#32 Warning
Large setup violation  
There is a large setup violation of -2.617 ns between rightFilter/acc0/CLK (clocked by sysClk) and codecInterface/acc0_i_1_psdsp_10/D (clocked by sysClk). Large setup violations at the end of those stages might be difficult to fix during the post-placement implementation flow and could be the result of non-optimal XDC constraints or non-optimal design architecture
Related violations: <none>

TIMING-16#33 Warning
Large setup violation  
There is a large setup violation of -2.622 ns between leftFilter/acc0/CLK (clocked by sysClk) and codecInterface/acc0_i_1__0_psdsp_22/D (clocked by sysClk). Large setup violations at the end of those stages might be difficult to fix during the post-placement implementation flow and could be the result of non-optimal XDC constraints or non-optimal design architecture
Related violations: <none>

TIMING-16#34 Warning
Large setup violation  
There is a large setup violation of -2.626 ns between rightFilter/acc0/CLK (clocked by sysClk) and codecInterface/acc0_i_1_psdsp_7/D (clocked by sysClk). Large setup violations at the end of those stages might be difficult to fix during the post-placement implementation flow and could be the result of non-optimal XDC constraints or non-optimal design architecture
Related violations: <none>

TIMING-16#35 Warning
Large setup violation  
There is a large setup violation of -2.634 ns between rightFilter/acc0/CLK (clocked by sysClk) and codecInterface/acc0_i_1_psdsp_8/D (clocked by sysClk). Large setup violations at the end of those stages might be difficult to fix during the post-placement implementation flow and could be the result of non-optimal XDC constraints or non-optimal design architecture
Related violations: <none>

TIMING-16#36 Warning
Large setup violation  
There is a large setup violation of -2.635 ns between rightFilter/acc0/CLK (clocked by sysClk) and codecInterface/acc0_i_1_psdsp_16/D (clocked by sysClk). Large setup violations at the end of those stages might be difficult to fix during the post-placement implementation flow and could be the result of non-optimal XDC constraints or non-optimal design architecture
Related violations: <none>

TIMING-16#37 Warning
Large setup violation  
There is a large setup violation of -2.636 ns between rightFilter/acc0/CLK (clocked by sysClk) and codecInterface/acc0_i_1_psdsp_4/D (clocked by sysClk). Large setup violations at the end of those stages might be difficult to fix during the post-placement implementation flow and could be the result of non-optimal XDC constraints or non-optimal design architecture
Related violations: <none>

TIMING-16#38 Warning
Large setup violation  
There is a large setup violation of -2.638 ns between rightFilter/acc0/CLK (clocked by sysClk) and codecInterface/acc0_i_1_psdsp_24/D (clocked by sysClk). Large setup violations at the end of those stages might be difficult to fix during the post-placement implementation flow and could be the result of non-optimal XDC constraints or non-optimal design architecture
Related violations: <none>

TIMING-16#39 Warning
Large setup violation  
There is a large setup violation of -2.639 ns between rightFilter/acc0/CLK (clocked by sysClk) and codecInterface/acc0_i_1_psdsp_11/D (clocked by sysClk). Large setup violations at the end of those stages might be difficult to fix during the post-placement implementation flow and could be the result of non-optimal XDC constraints or non-optimal design architecture
Related violations: <none>

TIMING-16#40 Warning
Large setup violation  
There is a large setup violation of -2.639 ns between rightFilter/acc0/CLK (clocked by sysClk) and codecInterface/acc0_i_1_psdsp_26/D (clocked by sysClk). Large setup violations at the end of those stages might be difficult to fix during the post-placement implementation flow and could be the result of non-optimal XDC constraints or non-optimal design architecture
Related violations: <none>

TIMING-16#41 Warning
Large setup violation  
There is a large setup violation of -2.640 ns between leftFilter/acc0/CLK (clocked by sysClk) and codecInterface/acc0_i_1__0_psdsp_15/D (clocked by sysClk). Large setup violations at the end of those stages might be difficult to fix during the post-placement implementation flow and could be the result of non-optimal XDC constraints or non-optimal design architecture
Related violations: <none>

TIMING-16#42 Warning
Large setup violation  
There is a large setup violation of -2.640 ns between rightFilter/acc0/CLK (clocked by sysClk) and codecInterface/acc0_i_1_psdsp_12/D (clocked by sysClk). Large setup violations at the end of those stages might be difficult to fix during the post-placement implementation flow and could be the result of non-optimal XDC constraints or non-optimal design architecture
Related violations: <none>

TIMING-16#43 Warning
Large setup violation  
There is a large setup violation of -2.643 ns between rightFilter/acc0/CLK (clocked by sysClk) and codecInterface/acc0_i_1_psdsp_14/D (clocked by sysClk). Large setup violations at the end of those stages might be difficult to fix during the post-placement implementation flow and could be the result of non-optimal XDC constraints or non-optimal design architecture
Related violations: <none>

TIMING-16#44 Warning
Large setup violation  
There is a large setup violation of -2.643 ns between rightFilter/acc0/CLK (clocked by sysClk) and codecInterface/acc0_i_1_psdsp_18/D (clocked by sysClk). Large setup violations at the end of those stages might be difficult to fix during the post-placement implementation flow and could be the result of non-optimal XDC constraints or non-optimal design architecture
Related violations: <none>

TIMING-16#45 Warning
Large setup violation  
There is a large setup violation of -2.644 ns between leftFilter/acc0/CLK (clocked by sysClk) and codecInterface/acc0_i_1__0_psdsp_18/D (clocked by sysClk). Large setup violations at the end of those stages might be difficult to fix during the post-placement implementation flow and could be the result of non-optimal XDC constraints or non-optimal design architecture
Related violations: <none>

TIMING-16#46 Warning
Large setup violation  
There is a large setup violation of -2.644 ns between rightFilter/acc0/CLK (clocked by sysClk) and codecInterface/acc0_i_1_psdsp_5/D (clocked by sysClk). Large setup violations at the end of those stages might be difficult to fix during the post-placement implementation flow and could be the result of non-optimal XDC constraints or non-optimal design architecture
Related violations: <none>

TIMING-16#47 Warning
Large setup violation  
There is a large setup violation of -2.645 ns between rightFilter/acc0/CLK (clocked by sysClk) and codecInterface/acc0_i_1_psdsp_22/D (clocked by sysClk). Large setup violations at the end of those stages might be difficult to fix during the post-placement implementation flow and could be the result of non-optimal XDC constraints or non-optimal design architecture
Related violations: <none>

TIMING-16#48 Warning
Large setup violation  
There is a large setup violation of -2.649 ns between rightFilter/acc0/CLK (clocked by sysClk) and codecInterface/acc0_i_1_psdsp_31/D (clocked by sysClk). Large setup violations at the end of those stages might be difficult to fix during the post-placement implementation flow and could be the result of non-optimal XDC constraints or non-optimal design architecture
Related violations: <none>

TIMING-16#49 Warning
Large setup violation  
There is a large setup violation of -2.650 ns between rightFilter/acc0/CLK (clocked by sysClk) and codecInterface/acc0_i_1_psdsp/D (clocked by sysClk). Large setup violations at the end of those stages might be difficult to fix during the post-placement implementation flow and could be the result of non-optimal XDC constraints or non-optimal design architecture
Related violations: <none>

TIMING-16#50 Warning
Large setup violation  
There is a large setup violation of -2.650 ns between rightFilter/acc0/CLK (clocked by sysClk) and codecInterface/acc0_i_1_psdsp_17/D (clocked by sysClk). Large setup violations at the end of those stages might be difficult to fix during the post-placement implementation flow and could be the result of non-optimal XDC constraints or non-optimal design architecture
Related violations: <none>

TIMING-16#51 Warning
Large setup violation  
There is a large setup violation of -2.652 ns between rightFilter/acc0/CLK (clocked by sysClk) and codecInterface/acc0_i_1_psdsp_23/D (clocked by sysClk). Large setup violations at the end of those stages might be difficult to fix during the post-placement implementation flow and could be the result of non-optimal XDC constraints or non-optimal design architecture
Related violations: <none>

TIMING-16#52 Warning
Large setup violation  
There is a large setup violation of -2.652 ns between rightFilter/acc0/CLK (clocked by sysClk) and codecInterface/acc0_i_1_psdsp_27/D (clocked by sysClk). Large setup violations at the end of those stages might be difficult to fix during the post-placement implementation flow and could be the result of non-optimal XDC constraints or non-optimal design architecture
Related violations: <none>

TIMING-16#53 Warning
Large setup violation  
There is a large setup violation of -2.652 ns between rightFilter/acc0/CLK (clocked by sysClk) and codecInterface/acc0_i_1_psdsp_28/D (clocked by sysClk). Large setup violations at the end of those stages might be difficult to fix during the post-placement implementation flow and could be the result of non-optimal XDC constraints or non-optimal design architecture
Related violations: <none>

TIMING-16#54 Warning
Large setup violation  
There is a large setup violation of -2.655 ns between rightFilter/acc0/CLK (clocked by sysClk) and codecInterface/acc0_i_1_psdsp_30/D (clocked by sysClk). Large setup violations at the end of those stages might be difficult to fix during the post-placement implementation flow and could be the result of non-optimal XDC constraints or non-optimal design architecture
Related violations: <none>

TIMING-16#55 Warning
Large setup violation  
There is a large setup violation of -2.658 ns between rightFilter/acc0/CLK (clocked by sysClk) and codecInterface/acc0_i_1_psdsp_15/D (clocked by sysClk). Large setup violations at the end of those stages might be difficult to fix during the post-placement implementation flow and could be the result of non-optimal XDC constraints or non-optimal design architecture
Related violations: <none>

TIMING-16#56 Warning
Large setup violation  
There is a large setup violation of -2.660 ns between rightFilter/acc0/CLK (clocked by sysClk) and codecInterface/acc0_i_1_psdsp_25/D (clocked by sysClk). Large setup violations at the end of those stages might be difficult to fix during the post-placement implementation flow and could be the result of non-optimal XDC constraints or non-optimal design architecture
Related violations: <none>

TIMING-16#57 Warning
Large setup violation  
There is a large setup violation of -2.662 ns between rightFilter/acc0/CLK (clocked by sysClk) and codecInterface/acc0_i_1_psdsp_1/D (clocked by sysClk). Large setup violations at the end of those stages might be difficult to fix during the post-placement implementation flow and could be the result of non-optimal XDC constraints or non-optimal design architecture
Related violations: <none>

TIMING-16#58 Warning
Large setup violation  
There is a large setup violation of -2.664 ns between leftFilter/acc0/CLK (clocked by sysClk) and codecInterface/acc0_i_1__0_psdsp_30/D (clocked by sysClk). Large setup violations at the end of those stages might be difficult to fix during the post-placement implementation flow and could be the result of non-optimal XDC constraints or non-optimal design architecture
Related violations: <none>

TIMING-16#59 Warning
Large setup violation  
There is a large setup violation of -2.672 ns between rightFilter/acc0/CLK (clocked by sysClk) and codecInterface/acc0_i_1_psdsp_6/D (clocked by sysClk). Large setup violations at the end of those stages might be difficult to fix during the post-placement implementation flow and could be the result of non-optimal XDC constraints or non-optimal design architecture
Related violations: <none>

TIMING-16#60 Warning
Large setup violation  
There is a large setup violation of -2.694 ns between leftFilter/acc0/CLK (clocked by sysClk) and codecInterface/acc0_i_1__0_psdsp_8/D (clocked by sysClk). Large setup violations at the end of those stages might be difficult to fix during the post-placement implementation flow and could be the result of non-optimal XDC constraints or non-optimal design architecture
Related violations: <none>

TIMING-16#61 Warning
Large setup violation  
There is a large setup violation of -2.734 ns between leftFilter/acc0/CLK (clocked by sysClk) and codecInterface/acc0_i_1__0_psdsp_11/D (clocked by sysClk). Large setup violations at the end of those stages might be difficult to fix during the post-placement implementation flow and could be the result of non-optimal XDC constraints or non-optimal design architecture
Related violations: <none>

TIMING-16#62 Warning
Large setup violation  
There is a large setup violation of -2.790 ns between rightFilter/acc0/CLK (clocked by sysClk) and codecInterface/acc0_i_1_psdsp_20/D (clocked by sysClk). Large setup violations at the end of those stages might be difficult to fix during the post-placement implementation flow and could be the result of non-optimal XDC constraints or non-optimal design architecture
Related violations: <none>

TIMING-16#63 Warning
Large setup violation  
There is a large setup violation of -2.795 ns between rightFilter/acc0/CLK (clocked by sysClk) and codecInterface/acc0_i_1_psdsp_29/D (clocked by sysClk). Large setup violations at the end of those stages might be difficult to fix during the post-placement implementation flow and could be the result of non-optimal XDC constraints or non-optimal design architecture
Related violations: <none>

TIMING-16#64 Warning
Large setup violation  
There is a large setup violation of -2.799 ns between rightFilter/acc0/CLK (clocked by sysClk) and codecInterface/acc0_i_1_psdsp_21/D (clocked by sysClk). Large setup violations at the end of those stages might be difficult to fix during the post-placement implementation flow and could be the result of non-optimal XDC constraints or non-optimal design architecture
Related violations: <none>

TIMING-16#65 Warning
Large setup violation  
There is a large setup violation of -3.118 ns between leftFilter/acc0/CLK (clocked by sysClk) and codecInterface/outSampleShifter.sample_reg[8]/D (clocked by sysClk). Large setup violations at the end of those stages might be difficult to fix during the post-placement implementation flow and could be the result of non-optimal XDC constraints or non-optimal design architecture
Related violations: <none>

TIMING-16#66 Warning
Large setup violation  
There is a large setup violation of -3.380 ns between leftFilter/acc0/CLK (clocked by sysClk) and codecInterface/outSampleShifter.sample_reg[13]/D (clocked by sysClk). Large setup violations at the end of those stages might be difficult to fix during the post-placement implementation flow and could be the result of non-optimal XDC constraints or non-optimal design architecture
Related violations: <none>

TIMING-16#67 Warning
Large setup violation  
There is a large setup violation of -3.387 ns between rightFilter/acc0/CLK (clocked by sysClk) and codecInterface/outSampleShifter.sample_reg[21]/D (clocked by sysClk). Large setup violations at the end of those stages might be difficult to fix during the post-placement implementation flow and could be the result of non-optimal XDC constraints or non-optimal design architecture
Related violations: <none>

TIMING-16#68 Warning
Large setup violation  
There is a large setup violation of -3.424 ns between rightFilter/acc0/CLK (clocked by sysClk) and codecInterface/outSampleShifter.sample_reg[9]/D (clocked by sysClk). Large setup violations at the end of those stages might be difficult to fix during the post-placement implementation flow and could be the result of non-optimal XDC constraints or non-optimal design architecture
Related violations: <none>

TIMING-16#69 Warning
Large setup violation  
There is a large setup violation of -3.430 ns between rightFilter/acc0/CLK (clocked by sysClk) and codecInterface/outSampleShifter.sample_reg[20]/D (clocked by sysClk). Large setup violations at the end of those stages might be difficult to fix during the post-placement implementation flow and could be the result of non-optimal XDC constraints or non-optimal design architecture
Related violations: <none>

TIMING-16#70 Warning
Large setup violation  
There is a large setup violation of -3.440 ns between rightFilter/acc0/CLK (clocked by sysClk) and codecInterface/outSampleShifter.sample_reg[10]/D (clocked by sysClk). Large setup violations at the end of those stages might be difficult to fix during the post-placement implementation flow and could be the result of non-optimal XDC constraints or non-optimal design architecture
Related violations: <none>

TIMING-16#71 Warning
Large setup violation  
There is a large setup violation of -3.498 ns between leftFilter/acc0/CLK (clocked by sysClk) and codecInterface/outSampleShifter.sample_reg[23]/D (clocked by sysClk). Large setup violations at the end of those stages might be difficult to fix during the post-placement implementation flow and could be the result of non-optimal XDC constraints or non-optimal design architecture
Related violations: <none>

TIMING-16#72 Warning
Large setup violation  
There is a large setup violation of -3.544 ns between rightFilter/acc0/CLK (clocked by sysClk) and codecInterface/outSampleShifter.sample_reg[18]/D (clocked by sysClk). Large setup violations at the end of those stages might be difficult to fix during the post-placement implementation flow and could be the result of non-optimal XDC constraints or non-optimal design architecture
Related violations: <none>

TIMING-16#73 Warning
Large setup violation  
There is a large setup violation of -3.551 ns between rightFilter/acc0/CLK (clocked by sysClk) and codecInterface/outSampleShifter.sample_reg[19]/D (clocked by sysClk). Large setup violations at the end of those stages might be difficult to fix during the post-placement implementation flow and could be the result of non-optimal XDC constraints or non-optimal design architecture
Related violations: <none>

TIMING-16#74 Warning
Large setup violation  
There is a large setup violation of -3.588 ns between rightFilter/acc0/CLK (clocked by sysClk) and codecInterface/outSampleShifter.sample_reg[16]/D (clocked by sysClk). Large setup violations at the end of those stages might be difficult to fix during the post-placement implementation flow and could be the result of non-optimal XDC constraints or non-optimal design architecture
Related violations: <none>

TIMING-16#75 Warning
Large setup violation  
There is a large setup violation of -3.599 ns between rightFilter/acc0/CLK (clocked by sysClk) and codecInterface/outSampleShifter.sample_reg[12]/D (clocked by sysClk). Large setup violations at the end of those stages might be difficult to fix during the post-placement implementation flow and could be the result of non-optimal XDC constraints or non-optimal design architecture
Related violations: <none>

TIMING-16#76 Warning
Large setup violation  
There is a large setup violation of -3.614 ns between rightFilter/acc0/CLK (clocked by sysClk) and codecInterface/outSampleShifter.sample_reg[11]/D (clocked by sysClk). Large setup violations at the end of those stages might be difficult to fix during the post-placement implementation flow and could be the result of non-optimal XDC constraints or non-optimal design architecture
Related violations: <none>

TIMING-16#77 Warning
Large setup violation  
There is a large setup violation of -3.616 ns between rightFilter/acc0/CLK (clocked by sysClk) and codecInterface/outSampleShifter.sample_reg[15]/D (clocked by sysClk). Large setup violations at the end of those stages might be difficult to fix during the post-placement implementation flow and could be the result of non-optimal XDC constraints or non-optimal design architecture
Related violations: <none>

TIMING-16#78 Warning
Large setup violation  
There is a large setup violation of -3.628 ns between rightFilter/acc0/CLK (clocked by sysClk) and codecInterface/outSampleShifter.sample_reg[14]/D (clocked by sysClk). Large setup violations at the end of those stages might be difficult to fix during the post-placement implementation flow and could be the result of non-optimal XDC constraints or non-optimal design architecture
Related violations: <none>

TIMING-16#79 Warning
Large setup violation  
There is a large setup violation of -3.629 ns between rightFilter/acc0/CLK (clocked by sysClk) and codecInterface/outSampleShifter.sample_reg[17]/D (clocked by sysClk). Large setup violations at the end of those stages might be difficult to fix during the post-placement implementation flow and could be the result of non-optimal XDC constraints or non-optimal design architecture
Related violations: <none>

TIMING-16#80 Warning
Large setup violation  
There is a large setup violation of -3.651 ns between rightFilter/acc0/CLK (clocked by sysClk) and codecInterface/outSampleShifter.sample_reg[22]/D (clocked by sysClk). Large setup violations at the end of those stages might be difficult to fix during the post-placement implementation flow and could be the result of non-optimal XDC constraints or non-optimal design architecture
Related violations: <none>

TIMING-18#1 Warning
Missing input or output delay  
An input delay is missing on filterOn relative to the rising and/or falling clock edge(s) of sysClk.
Related violations: <none>

TIMING-18#2 Warning
Missing input or output delay  
An input delay is missing on sdto relative to the rising and/or falling clock edge(s) of sysClk.
Related violations: <none>

TIMING-18#3 Warning
Missing input or output delay  
An output delay is missing on lrckAD relative to the rising and/or falling clock edge(s) of sysClk.
Related violations: <none>

TIMING-18#4 Warning
Missing input or output delay  
An output delay is missing on lrckDA relative to the rising and/or falling clock edge(s) of sysClk.
Related violations: <none>

TIMING-18#5 Warning
Missing input or output delay  
An output delay is missing on mclkAD relative to the rising and/or falling clock edge(s) of sysClk.
Related violations: <none>

TIMING-18#6 Warning
Missing input or output delay  
An output delay is missing on mclkDA relative to the rising and/or falling clock edge(s) of sysClk.
Related violations: <none>

TIMING-18#7 Warning
Missing input or output delay  
An output delay is missing on sclkAD relative to the rising and/or falling clock edge(s) of sysClk.
Related violations: <none>

TIMING-18#8 Warning
Missing input or output delay  
An output delay is missing on sclkDA relative to the rising and/or falling clock edge(s) of sysClk.
Related violations: <none>

TIMING-18#9 Warning
Missing input or output delay  
An output delay is missing on sdti relative to the rising and/or falling clock edge(s) of sysClk.
Related violations: <none>


